| ID | Name     | Status | País   |
|----|----------|--------|--------|
| 1  | José     | ✓      | España |
| 2  | François | ✗      | France |
| 3  | 田中     | ✓      | 日本   |
